// Jest Snapshot v1, https://goo.gl/fbAQLP

exports[`Content all styles should be render 1`] = `
.c0 {
  border-radius: 5;
  border: none;
  outline: none;
  padding: 5px 10px;
  background-color: red;
  margin: 5;
  width: 20;
  cursor: pointer;
  height: 30px;
  color: #ffff;
}

<button
  className="c0"
  data-testid="buttonID"
  radius="5"
  width="20"
/>
`;
